[32mPASS[0m  A. il confine e' strutturale (TypeError a definizione della classe)
      [2msubmit -> TypeError · authorize_payload -> TypeError · MRO invertito -> TypeError (a_structural.<locals>.WrongMro) · spend_capable: sentinella True, FakeAdapter False[0m
[32mPASS[0m  B. submit diretto rifiutato, sentinella a 0
      [2msubmit diretto -> SPEND_AUTHORIZATION_REQUIRED · sentinella reached=0 · transport sent=0[0m
[32mPASS[0m  C. authorize_payload diretto rifiutato, sentinella a 0
      [2mauthorize_payload diretto -> SPEND_AUTHORIZATION_REQUIRED · attraversamenti=0 · digest autorizzati nel trasporto=0[0m
[32mPASS[0m  D. run_job legacy (#10) rifiutato PRIMA della prenotazione
      [2mrun_job coi soli default -> SPEND_AUTHORIZATION_REQUIRED · righe 0 · ledger 0 · quote consumate 0 · sentinella reached=0 · sent=0[0m
[32mPASS[0m  E. envelope_units (budget del client) vietato allo spender
      [2menvelope_units nel percorso spendibile -> SPEND_AUTHORIZATION_REQUIRED · righe 0 · quote consumate 0 · sentinella reached=0[0m
[32mPASS[0m  F. percorso governato: il dispatch avviene e porta l'autorizzazione
      [2mgovernato -> SUCCEEDED · sentinella reached=1 · authorize_payload=1 · autorizzazione: op=LSPC:f quote=quote_0894e790… env=ENV_LSPC importo=10 synthetic_units · digest e attempt_token = journal[0m
[32mPASS[0m  G. l'autorizzazione e' riletta dal journal, non ricevuta
      [2mrifiuti: DISPATCH_ATTEMPT_TOKEN_MISMATCH · DISPATCH_PAYLOAD_DIGEST_MISMATCH · DISPATCH_OWNERSHIP_MISMATCH · DISPATCH_OWNERSHIP_MISMATCH · DISPATCH_JOB_UNKNOWN · DISPATCH_QUOTE_NOT_CONSUMED_BY_JOB · DISPATCH_LEDGER_RESERVE_MISSING · DISPATCH_QUOTE_REQUIRED · sentinella reached=0[0m
[32mPASS[0m  H. la concessione e' limitata al with, alla spec e al digest
      [2mfuori dal with -> SPEND_AUTHORIZATION_REQUIRED · rientrante -> DISPATCH_GRANT_REENTRANT · altra spec -> DISPATCH_SPEC_NOT_COVERED · altro digest -> DISPATCH_DIGEST_NOT_COVERED · sentinella reached resta 1[0m
[32mPASS[0m  I. store senza autorita' economica: nessun dispatch
      [2mstore in memoria -> ReservationContractError (JobStore in memoria non supporta envel…) · store senza autorita' della quote -> DISPATCH_QUOTE_AUTHORITY_MISSING · sentinella reached=0 · sent=0[0m
[32mPASS[0m  J. reconcile (#11): allowlist delle provenienze
      [2mprovenienza estranea -> riconciliazione rifiutata: provenienza 'FABBRICATA' … · stato invariato RESERVED · anomalia registrata · provenienza riconosciuta -> FAILED · store senza allowlist: invariato[0m
[32mPASS[0m  K. NON-REGRESSIONE: adapter di laboratorio invariato
      [2mFakeAdapter senza operazione/quote/envelope -> SUCCEEDED (submits 1) · envelope_units -> SUCCEEDED · nessun confine attraversato[0m

SPENDER BOUNDARY (Core): 11/11 PASS
crediti spesi: 0 · provider reali: 0 · rete generativa: 0

--- stderr ---
