RUNTIME INTEGRATION GATE 01 — Core /home/user/creative-os @ 9cf9cee1a751 (required 9cf9cee1a751)
  P2 hf_batch.py baseline 637f3a803ee38d04 (13484 bytes)
  T01 PASS  correct Core pin  [VERIFIED exit=0]
       core_sha=9cf9cee1a751 verdict=CORE_PIN_OK state=SUCCEEDED
  T02 PASS  wrong Core pin  [VERIFIED exit=0]
       error=CORE_PIN_MISMATCH core_imported=False
  T03 PASS  stale old Core pin (9afaddf)  [VERIFIED exit=0]
       error=STALE_CORE_PIN observed=740ee97 core_imported=False
  T04 PASS  deterministic spec_key  [VERIFIED exit=0]
       A==B==C==other_process: True (e355dd3ed48831f2…)
  T05 PASS  spec mutation changes key  [VERIFIED exit=0]
       6 mutazioni semantiche -> 6 chiavi diverse: True; 5 input accidentali rifiutati: True
  T06 PASS  happy path  [VERIFIED exit=0]
       state=SUCCEEDED submits=1 provider=fake restart_read=SUCCEEDED reserved_after=0
  T07 PASS  sequential duplicate  [VERIFIED exit=0]
       GO#1=RESERVED_NEW GO#2=EXISTING_LIVE_JOB submits=1 same_job_id=True
  T08 FAIL  concurrent duplicate (2 processi)  [ASSERTION_FAILED exit=1]
       outcomes=['JSONDecodeError', 'RESERVED_NEW'] total_submits=1 pids=2 rows=1
  T09 PASS  restart/resume  [VERIFIED exit=0]
       A: RUNNING polls=1 submits=1 | B (nuovo pid): EXISTING_LIVE_JOB submits=0 same_job=True -> SUCCEEDED
  T10 PASS  SUBMIT_UNKNOWN no resubmit  [VERIFIED exit=0]
       GO#1 -> SUBMIT_UNKNOWN (budget impegnato 30) | GO#2 -> EXISTING_LIVE_JOB/reconciliation-required submits=0 budget ancora 30
  T11 PASS  provider mismatch  [VERIFIED exit=0]
       fake_a RUNNING | fake_b -> ProviderMismatch submits=0 reservation intatta=fake_a/RUNNING
  T12 PASS  budget atomicity  [VERIFIED exit=0]
       concorrente: ['BudgetExceeded', 'OK'] impegnati=70/100 | sequenziale: A ok, B=BudgetExceeded impegnati=70
  T13 PASS  invalid budget rejection  [VERIFIED exit=0]
       5 valori non ammessi -> ReservationContractError, 0 submit, 0 righe
  T14 PASS  fake mode blocks real provider  [VERIFIED exit=0]
       provider_mode=higgsfield -> REAL_PROVIDER_DISABLED violations=0 core_imported=False db_created=False
  T15 PASS  no credential read  [VERIFIED exit=0]
       fake go -> SUCCEEDED violations=0 | controprova: sentinella rileva ['credential_file_open', 'provider_subprocess', 'secret_env_read']
  T16 PASS  P2 hash unchanged  [VERIFIED exit=0]
       before=637f3a803ee3 after=637f3a803ee3 declared=637f3a803ee3 sources_agree=True
  T17 PASS  Core canonical unchanged  [VERIFIED exit=0]
       CANONICAL_CLEAN: HEAD=9cf9cee1a751 required=9cf9cee1a751 branch=main dirty_files=0
  T18 PASS  durable terminal persistence  [VERIFIED exit=0]
       SUCCEEDED letto da nuovo processo; replay = RESUMED/SUCCEEDED (0 submit, 1 riga); new_attempt con permesso = RESERVED_NEW (2 righe, 0 impegnato)
  T19 PASS  static: no duplicate control system (AST)  [VERIFIED exit=0]
       findings=0 core_imports=6 contract_drift=0
  T20 PASS  dirty Core must fail closed  [VERIFIED exit=0]
       clean -> pin ok | tracked mod (HEAD invariato) -> CORE_WORKTREE_DIRTY core_imported=False | untracked inside -> CORE_WORKTREE_DIRTY | wrong+clean -> CORE_PIN_MISMATCH | stale+clean -> STALE_CORE_PIN
  T21 PASS  real hf_batch go -> GenSpec mapping  [VERIFIED exit=0]
       27 job reali in 11 spec: prompt/media == originale True; lock: prompt_sha e sha256_sent combaciano; spec_key stabile in altro processo True; 4 mutazioni reali -> chiave diversa, metadati QA -> stessa chiave True; media MISSING rifiutato True
B1_NEW_CLIP            RUNNING job=res_f4076e463c1fbcd9_1 0.0s 
B4C_NEW_CLIP           RUNNING job=res_6d687b11cfaf4fd0_1 0.0s 
balance None -> None · LOCK_HELD
B1_NEW_CLIP            EXISTING_LIVE_JOB job=res_f4076e463c1fbcd9_1 0.0s 
B4C_NEW_CLIP           EXISTING_LIVE_JOB job=res_6d687b11cfaf4fd0_1 0.0s 
balance None -> None · LOCK_HELD
B1_NEW_CLIP            SUCCEEDED job=res_f4076e463c1fbcd9_1 0.0s 
B4C_NEW_CLIP           SUCCEEDED job=res_6d687b11cfaf4fd0_1 0.0s 
balance None -> None · LOCK_HELD
  T22 PASS  hf_batch_runtime.go on real spec via Core  [VERIFIED exit=0]
       spec reale MOTION_B1_B4C: GO#1 2x RESERVED_NEW (2 submit) · GO#2 2x EXISTING_LIVE_JOB (0 submit) · GO#3 nuovo processo -> 2x SUCCEEDED (0 submit) · lock/quote -> REAL_PROVIDER_DISABLED · violazioni sentinella 0
  T23 PASS  P2 handoff integrity  [VERIFIED exit=0]
       handoff SHA256SUMS: 35 file, rc=0 (0 mismatch); 2 ZIP hash registrati
  T24 PASS  RV03 resume after terminal  [VERIFIED exit=0]
       GO#1 SUCCEEDED (1 submit) · replay nuovo processo -> RESUMED/SUCCEEDED submits=0 · altro run stessa operazione -> RESUMED/SUCCEEDED submits=0 · altra operazione -> RESERVED_NEW · FAILED replay -> RESUMED/FAILED submits=0
  T25 PASS  RV03 new attempt needs reason + one-shot permit  [VERIFIED exit=0]
       senza motivo -> REASON_REQUIRED · senza permesso -> PERMIT_REQUIRED · senza operazione -> OPERATION_ID_REQUIRED · con permesso -> RESERVED_NEW · replay permesso -> PermitError · permit(OP_A) con OP_B/None -> PermitError/PermitError · storico 2
  T26 PASS  RV03 unknown blocks run/model fallbacks  [VERIFIED exit=0]
       SUBMIT_UNKNOWN · stessa spec -> EXISTING_LIVE_JOB/reconciliation-required · altro run (RESUME) -> EXISTING_LIVE_JOB/reconciliation-required spec_key=latest · altro modello (RESUME) -> EXISTING_LIVE_JOB/reconciliation-required · new_attempt -> LIVE_OR_UNCERTAIN_ATTEMPT · senza operation_id (modello/run) -> OPERATION_ID_REQUIRED/OPERATION_ID_REQUIRED · submit totali 1
  T27 PASS  P-B03 cumulative ledger via runtime  [VERIFIED exit=0]
       3x10 regolati = 30/30 (vivi 0) · quarto (1) -> BudgetExceeded · controprova: terminale non regolato tiene esposti 10 -> BudgetExceeded
  T28 PASS  P-B01 spender boundary mock (protocol)  [VERIFIED exit=0]
       senza intent -> PROTOCOL: INTENT_REQUIRED  (×2, anche con quote) · intent estraneo -> PROTOCOL · resume senza attempt -> NO_EXISTING_ATTEMPT (0 submit, nessuna riga) · prima spesa new_attempt/INITIAL_GENERATION -> SUCCEEDED · resume=RESUMED/SUCCEEDED · quote fidata 10u (LAB_PRICE_TABLE) · amount dal client -> PROTOCOL ×2 · fixture zero -> SUCCEEDED/0 · budget≠quote -> BUDGET_NOT_QUOTED · shell/argv/non-JSON -> PROTOCOL · new_attempt (quote nuova)=RESERVED_NEW · permit replay -> PermitError · su incerto -> LIVE_OR_UNCERTAIN_ATTEMPT · senza quote -> QUOTE_REQUIRED · senza operazione -> OPERATION_ID_REQUIRED · violazioni sentinella 0 · segreto nel canale: no
  T29 BLOCKED  P-B01 privilege isolation  [BLOCKED_ENVIRONMENT exit=1]
       stesso uid (0) per orchestrator e worker; tentativi di bypass: {'read_worker_secret': 'BYPASS_POSSIBLE', 'write_worker_code': 'BYPASS_POSSIBLE', 'write_worker_store': 'BYPASS_POSSIBLE', 'direct_dispatch_on_worker_store': 'BYPASS_POSSIBLE'}
B1_NEW_CLIP            SUCCEEDED job=res_f4076e463c1fbcd9_1 0.0s 
B4C_NEW_CLIP           SUCCEEDED job=res_6d687b11cfaf4fd0_1 0.0s 
balance None -> None · LOCK_HELD
  T37 PASS  DELTA 03 intent fail-closed  [VERIFIED exit=0]
       governed resume senza attempt -> NO_EXISTING_ATTEMPT (anche con quote; 0 righe/ledger/permit/submit, quote libera) · new_attempt+INITIAL_GENERATION -> RESERVED_NEW/SUCCEEDED (1 submit) · resume -> RESUMED/SUCCEEDED (0 submit, quote/permit/ledger invariati) · UNKNOWN -> EXISTING_LIVE_JOB/reconciliation-required · RESERVED orfana -> EXISTING_LIVE_JOB/reserved-no-dispatch · prima spesa senza quote -> QUOTE_REQUIRED (0 permessi) · boundary: senza intent -> PROTOCOL INTENT_REQUIRED, resume senza attempt -> NO_EXISTING_ATTEMPT, new_attempt -> SUCCEEDED, resume -> RESUMED/SUCCEEDED · hf_batch governato: default resume -> NO_EXISTING_ATTEMPT, senza namespace -> OPERATION_NAMESPACE_REQUIRED, new_attempt senza quote -> QUOTE_REQUIRED · LEGACY_LAB resume-as-start marcato (True)
  T30 PASS  recovery mock: crash after send before journal  [VERIFIED exit=0]
       crash exit=4 dopo l'invio: RESERVED con ownership/token persistiti · recovery -> SUBMIT_UNKNOWN · replay -> EXISTING_LIVE_JOB/reconciliation-required submits=0
  T31 PASS  CR-02 envelope authorization binding  [VERIFIED exit=0]
       in scope -> SUCCEEDED (ENV_T31) · fuori scope -> ENVELOPE_OUT_OF_SCOPE · altro envelope valido -> ENVELOPE_OUT_OF_SCOPE · scope non autorizzato -> ENVELOPE_NOT_AUTHORIZED · quote di altra op/spec -> QUOTE_BINDING · envelope_units nel governato -> LEGACY_ENVELOPE_UNITS_FORBIDDEN
  T32 PASS  CR-02 quote binding  [VERIFIED exit=0]
       omessa -> QUOTE_REQUIRED (sent 0) · inferiore/diversa -> BUDGET_NOT_QUOTED · altra spec/op -> QUOTE_BINDING · budget omesso -> prenotati 10 dalla quote · zero attestato -> SUCCEEDED (0)
  T33 PASS  CR-01 cross-operation identity  [VERIFIED exit=0]
       OP_B su spec viva di OP_A -> OperationConflict (0 submit) · OP_A riprende res_0a2d7cb6976713d7_1 · RESUME(OP_A)=res_0a2d7cb6976713d7_1 != RESUME(OP_B)=res_0a2d7cb6976713d7_2
B1_NEW_CLIP            SUCCEEDED job=res_f4076e463c1fbcd9_1 0.0s 
B4C_NEW_CLIP           SUCCEEDED job=res_6d687b11cfaf4fd0_1 0.0s 
balance None -> None · LOCK_HELD
B1_NEW_CLIP            RESUMED/SUCCEEDED job=res_f4076e463c1fbcd9_1 0.0s 
B4C_NEW_CLIP           RESUMED/SUCCEEDED job=res_6d687b11cfaf4fd0_1 0.0s 
balance None -> None · LOCK_HELD
B1_NEW_CLIP            SUCCEEDED job=res_f4076e463c1fbcd9_1 0.0s 
B4C_NEW_CLIP           SUCCEEDED job=res_6d687b11cfaf4fd0_1 0.0s 
balance None -> None · LOCK_HELD
  T34 PASS  CR-10 work-order operation namespace  [VERIFIED exit=0]
       WO_A nuovo run -> RESUMED/SUCCEEDED · WO_B stesso asset -> RESERVED_NEW (spec_key identica) · WO_B spec distinta su asset incerto di WO_A -> SUCCEEDED · WO_B stessa spec viva -> OperationConflict · replay WO_A -> attempt A · hf_batch namespaced ops ['WO_A:B1_NEW_CLIP', 'WO_A:B4C_NEW_CLIP'] stabili in 2 round (resumed) · senza namespace = LEGACY_LAB
  T35 PASS  CR-09 resume is not new spend/dispatch  [VERIFIED exit=0]
       RUNNING+quote scaduta -> SUCCEEDED (0 submit, ledger invariato) · nuova spesa con quella quote -> QUOTE_ALREADY_CONSUMED · UNKNOWN -> EXISTING_LIVE_JOB/reconciliation-required · RESERVED orfana -> EXISTING_LIVE_JOB/reserved-no-dispatch · terminale+spec diversa -> RESUMED/SUCCEEDED spec_key=latest · RESERVE nel ledger: 3 (solo spese) · op errata -> NO_EXISTING_ATTEMPT · altro conto -> ProviderMismatch
  T36 PASS  quote lifecycle (atomic single use) via runtime  [VERIFIED exit=0]
       Q1 consumata da attempt1 · Q1 riusata -> QUOTE_ALREADY_CONSUMED · Q2 -> RESERVED_NEW · resume -> attempt2, Q1/Q2 non riconsumate · rifiuto pre-reservation -> quote libera

35/37 PASS · BLOCKED ['T29/BLOCKED_ENVIRONMENT'] · FAIL ['T08']
GATE_DECISION: GATE_NOT_FAVORABLE · runner exit 1 (almeno un FAIL, oppure un BLOCKED non ammesso dalla policy LAB: gate NON favorevole.)
inventario: 37/37 valido=True
requisiti NON verificati: ['T29', 'T08']
crediti spesi: 0 · provider reali: 0 · rete generativa: 0
EXIT=1
